[bulge] intrinsic tE: reading runs/prod_bulge_20260924/test5_w1cols.dat
[bulge] Z interpolation worst relative error 7.8e-05
[bulge] reading runs/prod_bulge_20260924/test5_detJ.dat
[bulge] 85,061 detections, 12,461 in the footprint, event-rate weighted, N_eff = 9,465
analysis/u1_report_numbers.py:147: RuntimeWarning: divide by zero encountered in divide
  reps.append((wa @ Cb) / (wb @ Cb))
/home/ali/Documents/PhD/Offline_project/Roman/.roman/lib/python3.14/site-packages/numpy/_core/_methods.py:188: RuntimeWarning: invalid value encountered in subtract
  x = um.subtract(arr, arrmean, out=...)
[bh] reading runs/prod_bh_20260924/testbh_detJ.dat
[bh] 101,515 detections, 24,186 in the footprint, event-rate weighted, N_eff = 17,638
[ns] reading runs/prod_ns_20260924/testns_detJ.dat
[ns] 93,185 detections, 19,058 in the footprint, event-rate weighted, N_eff = 17,086
analysis/u1_report_numbers.py:147: RuntimeWarning: divide by zero encountered in divide
  reps.append((wa @ Cb) / (wb @ Cb))
/home/ali/Documents/PhD/Offline_project/Roman/.roman/lib/python3.14/site-packages/numpy/_core/_methods.py:188: RuntimeWarning: invalid value encountered in subtract
  x = um.subtract(arr, arrmean, out=...)
# Report numbers with Monte Carlo errors (Step U1)

Generated by `analysis/u1_report_numbers.py`. `err` is the Poisson-bootstrap standard deviation (400 replicates) for fractions and medians, and sqrt(sum y^2) for yields (y1's convention). `logged` is the value the original script printed, where there is one: the recomputed value must reproduce it.

## bulge: intrinsic tE, all draws

| quantity | value | err | n | N_eff | logged |
|---|---:|---:|---:|---:|---:|
| weighted mean tE [d], whole scan | 24.02 | 0.037 | 12,222,487.0 | 578,518 | 24 |
| unweighted mean tE [d], whole scan | 54.39 | 0.062 | 12,222,487.0 |  | 56.2 |
| weighted mean tE [d], -6<=b<=-1, |l|<2 (OGLE central bins) | 23.51 | 0.096 | 628,787.0 | 93,924 |  |
| unweighted mean tE [d], -6<=b<=-1, |l|<2 (OGLE central bins) | 53.77 | 0.2 | 628,787.0 |  |  |
| weighted mean tE [d], -6<=b<=-1, whole longitude range | 24.25 | 0.061 | 5,210,396.0 | 238,578 |  |
| unweighted mean tE [d], -6<=b<=-1, whole longitude range | 56.76 | 0.11 | 5,210,396.0 |  |  |

## bulge: dust (footprint)

| quantity | value | err | n | N_eff | logged |
|---|---:|---:|---:|---:|---:|
| median A_r [mag], all draws with Roman epochs | 3.735 | 0.015 | 44,119.0 | 18,092 |  |
| median A_r [mag], Roman detections | 3.106 | 0.18 | 11,468.0 | 3,657 |  |
| median A_r [mag], all footprint | 3.04 | 0.05 | 12,461.0 | 3,969 |  |

## bulge: yield N_1, whole scan

| quantity | value | err | n | N_eff | logged |
|---|---:|---:|---:|---:|---:|
| joint | 2.478e+05 | 2.5e+03 | 85,061.0 |  |  |
| Rubin detects | 1.749e+05 | 2.2e+03 | 75,533.0 |  |  |
| Roman detects | 8.186e+04 | 1.4e+03 | 11,468.0 |  |  |
| both detect | 9488 | 4.8e+02 | 2,016.0 |  |  |
| Rubin only | 1.654e+05 | 2.2e+03 | 73,517.0 |  |  |
| Roman only | 7.237e+04 | 1.3e+03 | 9,452.0 |  |  |
| Roman, sigma(M)/M<10% | 1930 | 2.6e+02 | 1,089.0 |  |  |
| joint, sigma(M)/M<10% | 2126 | 2.7e+02 | 1,240.0 |  |  |
| Roman, sigma(M)/M<1% | 11.7 | 3.9 | 32.0 |  |  |
| share of detections outside the footprint | 0.6379 | 0.0047 | 85,061.0 |  |  |
| share of Rubin detections inside the footprint | 0.09622 | 0.0035 | 75,533.0 |  |  |

## bulge: yield N_1, footprint

| quantity | value | err | n | N_eff | logged |
|---|---:|---:|---:|---:|---:|
| joint | 8.974e+04 | 1.4e+03 | 12,461.0 |  |  |
| Rubin detects | 1.683e+04 | 6.4e+02 | 2,933.0 |  |  |
| Roman detects | 8.186e+04 | 1.4e+03 | 11,468.0 |  |  |
| both detect | 9488 | 4.8e+02 | 2,016.0 |  |  |
| Rubin only | 7344 | 4.3e+02 | 917.0 |  |  |
| Roman only | 7.237e+04 | 1.3e+03 | 9,452.0 |  |  |
| Roman, sigma(M)/M<10% | 1930 | 2.6e+02 | 1,089.0 |  |  |
| joint, sigma(M)/M<10% | 2125 | 2.7e+02 | 1,234.0 |  |  |
| Roman, sigma(M)/M<1% | 11.7 | 3.9 | 32.0 |  |  |
| joint/Roman, sigma(M)/M<10% | 1.101 | 0.026 |  |  |  |
| Roman also detects, of Rubin's detections | 0.5637 | 0.019 | 2,933.0 | 685 |  |

## bulge: detection share (weighted, all detections)

| quantity | value | err | n | N_eff | logged |
|---|---:|---:|---:|---:|---:|
| Rubin only | 66.76 | 0.45 | 85,061.0 | 9,465 | 67 |
| Roman only | 29.2 | 0.43 | 85,061.0 | 9,465 | 29 |
| both | 3.828 | 0.18 | 85,061.0 | 9,465 | 4 |

## bulge: joint/single, events both surveys constrain

| quantity | value | err | n | N_eff | logged |
|---|---:|---:|---:|---:|---:|
| N (okA_L & okA_R) | 1.227e+04 |  |  |  |  |
| median sigma_J/sigma_Rubin (tE) | 0.006117 | 0.00034 | 12,271.0 | 3,887 |  |
| median sigma_J/sigma_Roman (tE) | 0.9988 | 0.00016 | 12,271.0 | 3,887 |  |
| median sigma_J/sigma_Rubin (piE) | 0.005759 | 0.00034 | 12,271.0 | 3,887 |  |
| median sigma_J/sigma_Roman (piE) | 0.999 | 0.00013 | 12,271.0 | 3,887 |  |
| median sigma_J/sigma_Rubin (tetE) | 0.03204 | 0.00072 | 12,271.0 | 3,887 |  |
| median sigma_J/sigma_Roman (tetE) | 0.9988 | 6.1e-05 | 12,271.0 | 3,887 |  |

## bulge: centroid shift (all detections)

| quantity | value | err | n | N_eff | logged |
|---|---:|---:|---:|---:|---:|
| median max shift [mas] | 0.1321 | 0.0011 | 85,061.0 | 9,465 |  |
| above Roman's 1.1 mas floor [%] | 0.3981 | 0.11 | 85,061.0 | 9,465 |  |

## bulge: centroid shift (footprint detections)

| quantity | value | err | n | N_eff | logged |
|---|---:|---:|---:|---:|---:|
| median max shift [mas] | 0.1236 | 0.0015 | 12,461.0 | 3,969 |  |
| above Roman's 1.1 mas floor [%] | 0.4799 | 0.29 | 12,461.0 | 3,969 |  |

## bulge: measured to 10% (own measured set, p7)

| quantity | value | err | n | N_eff | logged |
|---|---:|---:|---:|---:|---:|
| tE joint | 6.742 | 0.23 | 82,898.0 | 9,310 |  |
| tE rubin | 2.21 | 0.16 | 82,807.0 | 9,279 |  |
| tE roman | 11.62 | 0.5 | 12,399.0 | 3,939 |  |
| piE joint | 1.942 | 0.12 | 82,898.0 | 9,310 |  |
| piE rubin | 0.6428 | 0.037 | 82,807.0 | 9,279 |  |
| piE roman | 3.343 | 0.31 | 12,399.0 | 3,939 |  |
| tetE joint | 18.33 | 0.39 | 85,061.0 | 9,465 |  |
| tetE rubin | 0.0938 | 0.019 | 84,985.0 | 9,440 |  |
| tetE roman | 50.26 | 0.79 | 12,461.0 | 3,969 |  |
| Ml joint | 0.8579 | 0.11 | 85,061.0 | 9,465 |  |
| Ml rubin | 0.001023 | 0.00048 | 84,985.0 | 9,440 |  |
| Ml roman | 2.151 | 0.29 | 12,461.0 | 3,969 |  |

## bulge: image resolution: P over the survey's detections

| quantity | value | err | n | N_eff | logged |
|---|---:|---:|---:|---:|---:|
| Rubin nres5 | 0.01138 | 0.0095 | 75,533.0 | 6,279 |  |
| Rubin nres20 | 0 | 0 | 75,533.0 | 6,279 |  |
| Rubin nresPSF | 0 | 0 | 75,533.0 | 6,279 |  |
| Roman nres5 | 5.062 | 0.48 | 11,468.0 | 3,657 |  |
| Roman nres20 | 0.5604 | 0.31 | 11,468.0 | 3,657 |  |
| Roman nresPSF | 0 | 0 | 11,468.0 | 3,657 |  |

## bulge: image resolution: yield N_1, whole scan

| quantity | value | err | n | N_eff | logged |
|---|---:|---:|---:|---:|---:|
| Rubin nres5 | 19.91 | 18 | 6.0 |  |  |
| Rubin nres20 | 0 | 0 | 0.0 |  |  |
| Rubin nresPSF | 0 | 0 | 0.0 |  |  |
| Roman nres5 | 4144 | 4.1e+02 | 732.0 |  |  |
| Roman nres20 | 458.8 | 2.4e+02 | 35.0 |  |  |
| Roman nresPSF | 0 | 0 | 0.0 |  |  |

## bulge: image resolution: yield N_1, footprint

| quantity | value | err | n | N_eff | logged |
|---|---:|---:|---:|---:|---:|
| Rubin nres5 | 0 | 0 | 0.0 |  |  |
| Rubin nres20 | 0 | 0 | 0.0 |  |  |
| Rubin nresPSF | 0 | 0 | 0.0 |  |  |
| Roman nres5 | 4144 | 4.1e+02 | 732.0 |  |  |
| Roman nres20 | 458.8 | 2.4e+02 | 35.0 |  |  |
| Roman nresPSF | 0 | 0 | 0.0 |  |  |

## bulge: image resolution: P, Rubin detections in the footprint

| quantity | value | err | n | N_eff | logged |
|---|---:|---:|---:|---:|---:|
| Rubin nres5 | 0 | 0 | 2,933.0 | 685 |  |
| Rubin nres20 | 0 | 0 | 2,933.0 | 685 |  |
| Rubin nresPSF | 0 | 0 | 2,933.0 | 685 |  |

## bulge: image resolution: who is resolved

| quantity | value | err | n | N_eff | logged |
|---|---:|---:|---:|---:|---:|
| median theta_E [mas], resolvable (Roman, D=5) | 0.9827 | 0.072 | 732.0 | 101 |  |
| median theta_E [mas], all Roman detections | 0.3619 | 0.0045 | 11,468.0 | 3,657 |  |
| median M_L [Msun], resolvable (Roman, D=5) | 0.686 | 0.049 | 732.0 | 101 |  |
| median M_L [Msun], all Roman detections | 0.3688 | 0.0068 | 11,468.0 | 3,657 |  |
| median D_L [kpc], resolvable (Roman, D=5) | 3.805 | 0.2 | 732.0 | 101 |  |
| median D_L [kpc], all Roman detections | 6.389 | 0.042 | 11,468.0 | 3,657 |  |
| median t_E [d], resolvable (Roman, D=5) | 52.89 | 4.9 | 732.0 | 101 |  |
| median t_E [d], all Roman detections | 21.36 | 0.32 | 11,468.0 | 3,657 |  |
| median largest resolved separation [mas], resolvable (Roman, D=5) | 8.243 | 0.6 | 732.0 | 101 |  |
| median largest resolved separation [mas], all Roman detections | 1.607 | 0.018 | 11,468.0 | 3,657 |  |

## bulge: image resolution: P(Roman, D=5) by theta_E

| quantity | value | err | n | N_eff | logged |
|---|---:|---:|---:|---:|---:|
| theta_E in [0,1) mas | 2.713 | 0.26 | 10,510.0 | 3,619 |  |
| theta_E in [1,2) mas | 34.8 | 3.8 | 800.0 | 163 |  |
| theta_E in [2,3) mas | 77.89 | 12 | 113.0 | 7 |  |
| theta_E in [3,5) mas | 94.51 | 18 | 33.0 | 1 |  |

## bulge: what Roman adds, over Rubin's footprint detections

| quantity | value | err | n | N_eff | logged |
|---|---:|---:|---:|---:|---:|
| N_1 of the denominator | 1.683e+04 | 6.4e+02 | 2,933.0 |  |  |
| characterised (tE>2sig, piE>2sig): Rubin alone [%] | 4.984 | 1.4 | 2,933.0 | 685 |  |
| characterised (tE>2sig, piE>2sig): joint [%] | 26.01 | 1.7 | 2,933.0 | 685 |  |
| characterised (tE>2sig, piE>2sig): Rubin alone, N_1 | 839 | 2.3e+02 | 656.0 |  |  |
| characterised (tE>2sig, piE>2sig): joint, N_1 | 4377 | 3.3e+02 | 1,643.0 |  |  |
| characterised (tE>2sig, piE>2sig): joint / Rubin alone (yield ratio) | 5.218 | 1.3 |  |  |  |
| tE to 10%: Rubin alone [%] | 4.442 | 1.4 | 2,933.0 | 685 |  |
| tE to 10%: joint [%] | 33.27 | 1.8 | 2,933.0 | 685 |  |
| tE to 10%: Rubin alone, N_1 | 747.6 | 2.4e+02 | 341.0 |  |  |
| tE to 10%: joint, N_1 | 5600 | 3.8e+02 | 1,387.0 |  |  |
| tE to 10%: joint / Rubin alone (yield ratio) | 7.49 | 2.5 |  |  |  |
| piE to 10%: Rubin alone [%] | 0.8075 | 0.11 | 2,933.0 | 685 |  |
| piE to 10%: joint [%] | 12.35 | 1.5 | 2,933.0 | 685 |  |
| piE to 10%: Rubin alone, N_1 | 135.9 | 17 | 293.0 |  |  |
| piE to 10%: joint, N_1 | 2079 | 2.7e+02 | 1,068.0 |  |  |
| piE to 10%: joint / Rubin alone (yield ratio) | 15.3 | 2.7 |  |  |  |
| tetE to 10%: Rubin alone [%] | 0.04121 | 0.024 | 2,933.0 | 685 |  |
| tetE to 10%: joint [%] | 60.7 | 1.8 | 2,933.0 | 685 |  |
| tetE to 10%: Rubin alone, N_1 | 6.936 | 3.9 | 14.0 |  |  |
| tetE to 10%: joint, N_1 | 1.022e+04 | 5.4e+02 | 1,856.0 |  |  |
| tetE to 10%: joint / Rubin alone (yield ratio) | 1473 | 2e+03 |  |  |  |
| Ml to 10%: Rubin alone [%] | 0.006747 | 0.0045 | 2,933.0 | 685 |  |
| Ml to 10%: joint [%] | 8.852 | 1.4 | 2,933.0 | 685 |  |
| Ml to 10%: Rubin alone, N_1 | 1.136 | 0.77 | 3.0 |  |  |
| Ml to 10%: joint, N_1 | 1490 | 2.6e+02 | 777.0 |  |  |
| Ml to 10%: joint / Rubin alone (yield ratio) | 1312 |  |  |  |  |
| median sigma_J/sigma_Rubin (tE) | 0.157 | 0.021 | 2,899.0 | 670 |  |
| median sigma_J/sigma_Rubin (piE) | 0.1295 | 0.014 | 2,899.0 | 670 |  |
| median sigma_J/sigma_Rubin (tetE) | 0.02259 | 0.00043 | 2,933.0 | 685 |  |
| median sigma_J/sigma_Rubin (Ml) | 0.1036 | 0.011 | 2,933.0 | 685 |  |

## bulge: what Rubin adds, over Roman's footprint detections

| quantity | value | err | n | N_eff | logged |
|---|---:|---:|---:|---:|---:|
| N_1 of the denominator | 8.186e+04 | 1.4e+03 | 11,468.0 |  |  |
| characterised (tE>2sig, piE>2sig): Roman alone [%] | 11.08 | 0.51 | 11,468.0 | 3,657 |  |
| characterised (tE>2sig, piE>2sig): joint [%] | 12.36 | 0.53 | 11,468.0 | 3,657 |  |
| characterised (tE>2sig, piE>2sig): Roman alone, N_1 | 9072 | 4.2e+02 | 3,412.0 |  |  |
| characterised (tE>2sig, piE>2sig): joint, N_1 | 1.012e+04 | 4.4e+02 | 3,821.0 |  |  |
| characterised (tE>2sig, piE>2sig): joint / Roman alone (yield ratio) | 1.116 | 0.016 |  |  |  |
| tE to 10%: Roman alone [%] | 12.66 | 0.55 | 11,468.0 | 3,657 |  |
| tE to 10%: joint [%] | 14.43 | 0.57 | 11,468.0 | 3,657 |  |
| tE to 10%: Roman alone, N_1 | 1.037e+04 | 4.9e+02 | 2,352.0 |  |  |
| tE to 10%: joint, N_1 | 1.181e+04 | 5.2e+02 | 2,659.0 |  |  |
| tE to 10%: joint / Roman alone (yield ratio) | 1.14 | 0.018 |  |  |  |
| piE to 10%: Roman alone [%] | 3.642 | 0.34 | 11,468.0 | 3,657 |  |
| piE to 10%: joint [%] | 4.048 | 0.35 | 11,468.0 | 3,657 |  |
| piE to 10%: Roman alone, N_1 | 2981 | 2.8e+02 | 1,773.0 |  |  |
| piE to 10%: joint, N_1 | 3314 | 2.9e+02 | 1,985.0 |  |  |
| piE to 10%: joint / Roman alone (yield ratio) | 1.112 | 0.024 |  |  |  |
| tetE to 10%: Roman alone [%] | 50.74 | 0.82 | 11,468.0 | 3,657 |  |
| tetE to 10%: joint [%] | 50.87 | 0.82 | 11,468.0 | 3,657 |  |
| tetE to 10%: Roman alone, N_1 | 4.153e+04 | 1e+03 | 6,271.0 |  |  |
| tetE to 10%: joint, N_1 | 4.164e+04 | 1e+03 | 6,281.0 |  |  |
| tetE to 10%: joint / Roman alone (yield ratio) | 1.003 | 0.0011 |  |  |  |
| Ml to 10%: Roman alone [%] | 2.357 | 0.32 | 11,468.0 | 3,657 |  |
| Ml to 10%: joint [%] | 2.586 | 0.33 | 11,468.0 | 3,657 |  |
| Ml to 10%: Roman alone, N_1 | 1930 | 2.6e+02 | 1,089.0 |  |  |
| Ml to 10%: joint, N_1 | 2117 | 2.7e+02 | 1,220.0 |  |  |
| Ml to 10%: joint / Roman alone (yield ratio) | 1.097 | 0.026 |  |  |  |
| median sigma_J/sigma_Roman (tE) | 0.9994 | 7e-05 | 11,417.0 | 3,630 |  |
| median sigma_J/sigma_Roman (piE) | 0.9995 | 6.8e-05 | 11,417.0 | 3,630 |  |
| median sigma_J/sigma_Roman (tetE) | 0.9991 | 5.1e-05 | 11,468.0 | 3,657 |  |
| median sigma_J/sigma_Roman (Ml) | 0.9994 | 4.2e-05 | 11,468.0 | 3,657 |  |

## bulge: Roman detections by peak coverage (yield-weighted)

| quantity | value | err | n | N_eff | logged |
|---|---:|---:|---:|---:|---:|
| no Roman epoch within +-2 tE of the peak [%] | 4.36 | 0.38 | 11,468.0 |  | 4.4 |

## bulge: F4 footprint sample

| quantity | value | err | n | N_eff | logged |
|---|---:|---:|---:|---:|---:|
| N | 1.246e+04 |  |  |  | 1.246e+04 |
| N_eff | 3969 |  |  |  | 3969 |
| N (per-sightline footprint, y1's definition) | 1.246e+04 |  |  |  | 1.246e+04 |

## bulge: F4: measured to 10%, normalised to the whole footprint sample

| quantity | value | err | n | N_eff | logged |
|---|---:|---:|---:|---:|---:|
| tE joint | 13.22 | 0.52 | 12,461.0 | 3,969 | 13.2 |
| tE roman | 11.55 | 0.5 | 12,461.0 | 3,969 | 11.6 |
| tE rubin | 0.8332 | 0.27 | 12,461.0 | 3,969 | 0.8 |
| piE joint | 3.704 | 0.32 | 12,461.0 | 3,969 | 3.7 |
| piE roman | 3.322 | 0.31 | 12,461.0 | 3,969 | 3.3 |
| piE rubin | 0.1515 | 0.02 | 12,461.0 | 3,969 | 0.2 |
| tetE joint | 50.5 | 0.79 | 12,461.0 | 3,969 | 50.5 |
| tetE roman | 50.26 | 0.79 | 12,461.0 | 3,969 | 50.3 |
| tetE rubin | 0.1316 | 0.044 | 12,461.0 | 3,969 | 0.1 |
| Ml joint | 2.368 | 0.3 | 12,461.0 | 3,969 | 2.4 |
| Ml roman | 2.151 | 0.29 | 12,461.0 | 3,969 | 2.2 |
| Ml rubin | 0.001266 | 0.00085 | 12,461.0 | 3,969 | 0.001 |
| Ml joint, UNWEIGHTED | 9.903 |  |  |  | 9.9 |

## bulge: F4: median sigma(theta_E)/theta_E

| quantity | value | err | n | N_eff | logged |
|---|---:|---:|---:|---:|---:|
| joint | 0.09836 | 0.0031 | 12,461.0 | 3,969 | 0.098 |
| roman | 0.09904 | 0.0029 | 12,461.0 | 3,969 | 0.099 |
| rubin | 2.297 | 0.063 | 12,385.0 | 3,942 | 2.3 |

## bulge: F3: characterised, raw counts, footprint

| quantity | value | err | n | N_eff | logged |
|---|---:|---:|---:|---:|---:|
| joint | 3948 |  |  |  | 3948 |
| Roman alone | 3412 |  |  |  | 3412 |
| Rubin alone | 670 |  |  |  | 670 |
| joint and neither alone | 358 |  |  |  | 358 |

## bulge: H5: mass only from the combination, raw counts, footprint

| quantity | value | err | n | N_eff | logged |
|---|---:|---:|---:|---:|---:|
| sigma(M)/M<0.1 jointly and from neither alone | 143 |  |  |  | 143 |
| sigma(M)/M<0.3 jointly and from neither alone | 319 |  |  |  | 319 |

## bulge: H5 (footprint)

| quantity | value | err | n | N_eff | logged |
|---|---:|---:|---:|---:|---:|
| median max shift [mas] | 0.1236 | 0.0015 | 12,461.0 | 3,969 | 0.1236 |

## bulge: source brightness (Roman detections)

| quantity | value | err | n | N_eff | logged |
|---|---:|---:|---:|---:|---:|
| median source F146 [mag] | 22.07 | 0.048 | 11,468.0 | 3,657 | 21.8 |
| median baseline (blended) F146 [mag] | 22.02 | 0.042 | 11,468.0 | 3,657 |  |

## bulge: gap filling: median sigma_J/sigma_Roman, 10-30 d

| quantity | value | err | n | N_eff | logged |
|---|---:|---:|---:|---:|---:|
| tE, anywhere in a gap | 0.9733 | 0.0099 | 1,359.0 | 670 | 0.973 |
| tE, >15 d past an edge | 0.8264 | 0.069 | 778.0 | 376 | 0.826 |
| tE, >30 d past | 0.4358 | 0.15 | 365.0 | 177 | 0.436 |
| tE, >45 d past | 0.07682 | 0.061 | 122.0 | 62 | 0.077 |
| tE, in a season (control) | 0.9999 | 1.9e-05 | 1,835.0 | 888 | 1 |
| piE, anywhere in a gap | 0.9842 | 0.006 | 1,359.0 | 670 | 0.984 |
| piE, >15 d past an edge | 0.892 | 0.039 | 778.0 | 376 | 0.892 |
| piE, >30 d past | 0.7032 | 0.09 | 365.0 | 177 | 0.703 |
| piE, >45 d past | 0.1828 | 0.069 | 122.0 | 62 | 0.183 |
| piE, in a season (control) | 0.9999 | 1.4e-05 | 1,835.0 | 888 | 1 |
| tE, >45 d past: median sigma_Roman/sigma_J | 13.02 | 7.5 | 122.0 | 62 |  |

## bulge: gap filling: Roman's coverage of the same events, 10-30 d

| quantity | value | err | n | N_eff | logged |
|---|---:|---:|---:|---:|---:|
| anywhere in a gap: Roman detects [%] | 95.45 | 0.72 | 1,359.0 | 670 |  |
| anywhere in a gap: Rubin detects [%] | 16.65 | 1.3 | 1,359.0 | 670 |  |
| anywhere in a gap: no Roman epoch within +-2 tE [%] | 11.59 | 1.2 | 1,359.0 | 670 |  |
| >15 d past an edge: Roman detects [%] | 91.75 | 1.3 | 778.0 | 376 |  |
| >15 d past an edge: Rubin detects [%] | 20.67 | 1.9 | 778.0 | 376 |  |
| >15 d past an edge: no Roman epoch within +-2 tE [%] | 21.3 | 2.1 | 778.0 | 376 |  |
| >30 d past: Roman detects [%] | 82.5 | 2.7 | 365.0 | 177 |  |
| >30 d past: Rubin detects [%] | 27.4 | 3.3 | 365.0 | 177 |  |
| >30 d past: no Roman epoch within +-2 tE [%] | 41.93 | 3.9 | 365.0 | 177 |  |
| >45 d past: Roman detects [%] | 66.5 | 6.1 | 122.0 | 62 |  |
| >45 d past: Rubin detects [%] | 44.67 | 6.2 | 122.0 | 62 |  |
| >45 d past: no Roman epoch within +-2 tE [%] | 72.83 | 5.5 | 122.0 | 62 |  |
| in a season (control): Roman detects [%] | 99.93 | 0.064 | 1,835.0 | 888 |  |
| in a season (control): Rubin detects [%] | 8.993 | 0.84 | 1,835.0 | 888 |  |
| in a season (control): no Roman epoch within +-2 tE [%] | 0 | 0 | 1,835.0 | 888 |  |

## bulge: gap filling: rescue

| quantity | value | err | n | N_eff | logged |
|---|---:|---:|---:|---:|---:|
| in-gap footprint detections, joint-only char. [%] | 2.014 | 0.37 | 4,596.0 | 1,509 | 2 |
| tE 10-30 d, >45 d past an edge [%] | 6.993 | 3.3 | 122.0 | 62 |  |
| tE 30-100 d, >45 d past an edge [%] | 9.769 | 3.2 | 370.0 | 107 |  |

## bulge: Rubin detects, Roman does not (footprint, raw)

| quantity | value | err | n | N_eff | logged |
|---|---:|---:|---:|---:|---:|
| in a Roman season | 1 |  |  |  | 1 |
| in a gap | 116 |  |  |  | 116 |
| outside Roman's mission | 800 |  |  |  | 800 |

## bulge: satellite parallax (Roman covers the peak)

| quantity | value | err | n | N_eff | logged |
|---|---:|---:|---:|---:|---:|
| median sigma_L2/sigma_Earth | 0.9911 | 9.2e-05 | 10,806.0 | 3,521 | 0.9911 |
| improves at all [%] | 92.25 | 0.38 | 10,806.0 | 3,521 | 86.8 |
| improves >1% [%] | 40.67 | 0.82 | 10,806.0 | 3,521 | 40.7 |
| improves >2x [%] | 1.19 | 0.14 | 10,806.0 | 3,521 | 1.2 |
| median, tE 10-30 d | 0.9908 | 0.00012 | 3,158.0 | 1,540 | 0.9914 |

## bulge: satellite parallax (control, no Roman data at the peak)

| quantity | value | err | n | N_eff | logged |
|---|---:|---:|---:|---:|---:|
| median | 1 | 0 | 72,082.0 | 5,903 | 1 |

## bh: yield N_1, whole scan

| quantity | value | err | n | N_eff | logged |
|---|---:|---:|---:|---:|---:|
| joint | 3.101e+04 | 2.3e+02 | 101,515.0 |  |  |
| Rubin detects | 2.434e+04 | 2.2e+02 | 83,447.0 |  |  |
| Roman detects | 8398 | 91 | 23,771.0 |  |  |
| both detect | 1746 | 40 | 5,764.0 |  |  |
| Rubin only | 2.26e+04 | 2.2e+02 | 77,683.0 |  |  |
| Roman only | 6653 | 81 | 18,007.0 |  |  |
| Roman, sigma(M)/M<10% | 1068 | 31 | 4,384.0 |  |  |
| joint, sigma(M)/M<10% | 1291 | 34 | 5,303.0 |  |  |
| Roman, sigma(M)/M<1% | 59.8 | 5.9 | 416.0 |  |  |
| share of detections outside the footprint | 0.7266 | 0.0029 | 101,515.0 |  |  |
| share of Rubin detections inside the footprint | 0.07442 | 0.0017 | 83,447.0 |  |  |

## bh: yield N_1, footprint

| quantity | value | err | n | N_eff | logged |
|---|---:|---:|---:|---:|---:|
| joint | 8477 | 91 | 24,186.0 |  |  |
| Rubin detects | 1811 | 40 | 6,118.0 |  |  |
| Roman detects | 8398 | 91 | 23,771.0 |  |  |
| both detect | 1746 | 40 | 5,764.0 |  |  |
| Rubin only | 65.67 | 5.3 | 354.0 |  |  |
| Roman only | 6653 | 81 | 18,007.0 |  |  |
| Roman, sigma(M)/M<10% | 1068 | 31 | 4,384.0 |  |  |
| joint, sigma(M)/M<10% | 1216 | 33 | 4,936.0 |  |  |
| Roman, sigma(M)/M<1% | 59.8 | 5.9 | 416.0 |  |  |
| joint/Roman, sigma(M)/M<10% | 1.139 | 0.011 |  |  |  |
| Roman also detects, of Rubin's detections | 0.9637 | 0.0028 | 6,118.0 | 2,010 |  |

## bh: detection share (weighted, all detections)

| quantity | value | err | n | N_eff | logged |
|---|---:|---:|---:|---:|---:|
| Rubin only | 72.88 | 0.29 | 101,515.0 | 17,638 | 72.88 |
| Roman only | 21.45 | 0.27 | 101,515.0 | 17,638 | 21.45 |
| both | 5.629 | 0.13 | 101,515.0 | 17,638 | 5.63 |

## bh: joint/single, events both surveys constrain

| quantity | value | err | n | N_eff | logged |
|---|---:|---:|---:|---:|---:|
| N (okA_L & okA_R) | 2.396e+04 |  |  |  | 2.396e+04 |
| median sigma_J/sigma_Rubin (tE) | 0.02156 | 0.00069 | 23,961.0 | 8,621 | 0.022 |
| median sigma_J/sigma_Roman (tE) | 0.9971 | 0.00025 | 23,961.0 | 8,621 | 0.997 |
| median sigma_J/sigma_Rubin (piE) | 0.01001 | 0.00027 | 23,961.0 | 8,621 | 0.01 |
| median sigma_J/sigma_Roman (piE) | 0.9978 | 0.00017 | 23,961.0 | 8,621 | 0.998 |
| median sigma_J/sigma_Rubin (tetE) | 0.04139 | 0.00089 | 23,961.0 | 8,621 | 0.041 |
| median sigma_J/sigma_Roman (tetE) | 0.999 | 4.6e-05 | 23,961.0 | 8,621 | 0.999 |

## bh: centroid shift (all detections)

| quantity | value | err | n | N_eff | logged |
|---|---:|---:|---:|---:|---:|
| median max shift [mas] | 3.602 | 0.026 | 101,515.0 | 17,638 | 3.602 |
| above Roman's 1.1 mas floor [%] | 90.43 | 0.14 | 101,515.0 | 17,638 | 90.43 |

## bh: centroid shift (footprint detections)

| quantity | value | err | n | N_eff | logged |
|---|---:|---:|---:|---:|---:|
| median max shift [mas] | 3.355 | 0.034 | 24,186.0 | 8,708 |  |
| above Roman's 1.1 mas floor [%] | 89.04 | 0.21 | 24,186.0 | 8,708 |  |

## bh: measured to 10% (own measured set, p7)

| quantity | value | err | n | N_eff | logged |
|---|---:|---:|---:|---:|---:|
| tE joint | 18.66 | 0.28 | 100,969.0 | 17,627 | 18.66 |
| tE rubin | 11.74 | 0.26 | 100,805.0 | 17,582 | 11.74 |
| tE roman | 23.64 | 0.45 | 24,127.0 | 8,680 | 23.64 |
| piE joint | 5.316 | 0.13 | 100,969.0 | 17,627 | 5.32 |
| piE rubin | 1.457 | 0.075 | 100,805.0 | 17,582 | 1.46 |
| piE roman | 12.85 | 0.35 | 24,127.0 | 8,680 | 12.85 |
| tetE joint | 48.84 | 0.37 | 101,515.0 | 17,638 | 48.84 |
| tetE rubin | 37.53 | 0.38 | 101,355.0 | 17,594 | 37.53 |
| tetE roman | 96.97 | 0.14 | 24,186.0 | 8,708 | 96.97 |
| Ml joint | 4.164 | 0.11 | 101,515.0 | 17,638 | 4.16 |
| Ml rubin | 0.2679 | 0.03 | 101,355.0 | 17,594 | 0.27 |
| Ml roman | 12.6 | 0.35 | 24,186.0 | 8,708 | 12.6 |

## bh: image resolution: P over the survey's detections

| quantity | value | err | n | N_eff | logged |
|---|---:|---:|---:|---:|---:|
| Rubin nres5 | 5.454 | 0.21 | 83,447.0 | 12,373 | 5.454 |
| Rubin nres20 | 0.03096 | 0.0057 | 83,447.0 | 12,373 | 0.031 |
| Rubin nresPSF | 0.0002693 | 0.00016 | 83,447.0 | 12,373 | 0.0003 |
| Roman nres5 | 65.51 | 0.55 | 23,771.0 | 8,583 | 65.51 |
| Roman nres20 | 30.9 | 0.52 | 23,771.0 | 8,583 | 30.9 |
| Roman nresPSF | 0.6788 | 0.074 | 23,771.0 | 8,583 | 0.6788 |

## bh: image resolution: yield N_1, whole scan

| quantity | value | err | n | N_eff | logged |
|---|---:|---:|---:|---:|---:|
| Rubin nres5 | 1327 | 55 | 4,442.0 |  |  |
| Rubin nres20 | 7.532 | 1.5 | 214.0 |  |  |
| Rubin nresPSF | 0.06556 | 0.04 | 8.0 |  |  |
| Roman nres5 | 5502 | 76 | 13,475.0 |  |  |
| Roman nres20 | 2595 | 54 | 5,105.0 |  |  |
| Roman nresPSF | 57.01 | 6.3 | 268.0 |  |  |

## bh: image resolution: yield N_1, footprint

| quantity | value | err | n | N_eff | logged |
|---|---:|---:|---:|---:|---:|
| Rubin nres5 | 89.39 | 9.2 | 248.0 |  |  |
| Rubin nres20 | 0.1608 | 0.075 | 7.0 |  |  |
| Rubin nresPSF | 0 | 0 | 0.0 |  |  |
| Roman nres5 | 5502 | 76 | 13,475.0 |  |  |
| Roman nres20 | 2595 | 54 | 5,105.0 |  |  |
| Roman nresPSF | 57.01 | 6.3 | 268.0 |  |  |

## bh: image resolution: P, Rubin detections in the footprint

| quantity | value | err | n | N_eff | logged |
|---|---:|---:|---:|---:|---:|
| Rubin nres5 | 4.935 | 0.47 | 6,118.0 | 2,011 |  |
| Rubin nres20 | 0.008877 | 0.0041 | 6,118.0 | 2,011 |  |
| Rubin nresPSF | 0 | 0 | 6,118.0 | 2,011 |  |

## bh: image resolution: who is resolved

| quantity | value | err | n | N_eff | logged |
|---|---:|---:|---:|---:|---:|
| median theta_E [mas], resolvable (Roman, D=5) | 11.34 | 0.12 | 13,475.0 | 5,285 |  |
| median theta_E [mas], all Roman detections | 9.848 | 0.085 | 23,771.0 | 8,583 |  |
| median M_L [Msun], resolvable (Roman, D=5) | 374.6 | 7.2 | 13,475.0 | 5,285 |  |
| median M_L [Msun], all Roman detections | 311 | 5 | 23,771.0 | 8,583 |  |
| median D_L [kpc], resolvable (Roman, D=5) | 6.349 | 0.029 | 13,475.0 | 5,285 |  |
| median D_L [kpc], all Roman detections | 6.627 | 0.021 | 23,771.0 | 8,583 |  |
| median t_E [d], resolvable (Roman, D=5) | 572 | 6.6 | 13,475.0 | 5,285 |  |
| median t_E [d], all Roman detections | 525.3 | 5.2 | 23,771.0 | 8,583 |  |
| median largest resolved separation [mas], resolvable (Roman, D=5) | 44.57 | 0.35 | 13,475.0 | 5,285 |  |
| median largest resolved separation [mas], all Roman detections | 37.55 | 0.28 | 23,771.0 | 8,583 |  |

## bh: image resolution: P(Roman, D=5) by theta_E

| quantity | value | err | n | N_eff | logged |
|---|---:|---:|---:|---:|---:|
| theta_E in [0,1) mas | 12.32 | 1.5 | 964.0 | 424 |  |
| theta_E in [1,2) mas | 31.56 | 1.2 | 3,192.0 | 1,423 |  |
| theta_E in [2,3) mas | 40.16 | 1.4 | 2,930.0 | 1,249 |  |
| theta_E in [3,5) mas | 47.66 | 1.2 | 4,303.0 | 1,856 |  |
| theta_E in [5,10) mas | 62.62 | 0.89 | 6,113.0 | 2,877 |  |
| theta_E in [10,30) mas | 76.67 | 0.84 | 5,704.0 | 3,014 |  |
| theta_E in [30,1000000000.0) mas | 90.6 | 2.1 | 565.0 | 242 |  |

## bh: what Roman adds, over Rubin's footprint detections

| quantity | value | err | n | N_eff | logged |
|---|---:|---:|---:|---:|---:|
| N_1 of the denominator | 1811 | 40 | 6,118.0 |  |  |
| characterised (tE>2sig, piE>2sig): Rubin alone [%] | 13.39 | 0.68 | 6,118.0 | 2,011 |  |
| characterised (tE>2sig, piE>2sig): joint [%] | 78.9 | 0.9 | 6,118.0 | 2,011 |  |
| characterised (tE>2sig, piE>2sig): Rubin alone, N_1 | 242.4 | 13 | 1,417.0 |  |  |
| characterised (tE>2sig, piE>2sig): joint, N_1 | 1429 | 36 | 4,965.0 |  |  |
| characterised (tE>2sig, piE>2sig): joint / Rubin alone (yield ratio) | 5.895 | 0.29 |  |  |  |
| tE to 10%: Rubin alone [%] | 17.62 | 0.88 | 6,118.0 | 2,011 |  |
| tE to 10%: joint [%] | 75.17 | 0.96 | 6,118.0 | 2,011 |  |
| tE to 10%: Rubin alone, N_1 | 319.1 | 17 | 1,123.0 |  |  |
| tE to 10%: joint, N_1 | 1362 | 36 | 4,474.0 |  |  |
| tE to 10%: joint / Rubin alone (yield ratio) | 4.267 | 0.21 |  |  |  |
| piE to 10%: Rubin alone [%] | 2.154 | 0.25 | 6,118.0 | 2,011 |  |
| piE to 10%: joint [%] | 49.87 | 1.2 | 6,118.0 | 2,011 |  |
| piE to 10%: Rubin alone, N_1 | 39.01 | 4.3 | 456.0 |  |  |
| piE to 10%: joint, N_1 | 903.4 | 28 | 3,507.0 |  |  |
| piE to 10%: joint / Rubin alone (yield ratio) | 23.16 | 2.8 |  |  |  |
| tetE to 10%: Rubin alone [%] | 41.52 | 1.2 | 6,118.0 | 2,011 |  |
| tetE to 10%: joint [%] | 98.82 | 0.17 | 6,118.0 | 2,011 |  |
| tetE to 10%: Rubin alone, N_1 | 752.1 | 28 | 1,671.0 |  |  |
| tetE to 10%: joint, N_1 | 1790 | 40 | 5,944.0 |  |  |
| tetE to 10%: joint / Rubin alone (yield ratio) | 2.38 | 0.066 |  |  |  |
| Ml to 10%: Rubin alone [%] | 0.4471 | 0.13 | 6,118.0 | 2,011 |  |
| Ml to 10%: joint [%] | 49.45 | 1.2 | 6,118.0 | 2,011 |  |
| Ml to 10%: Rubin alone, N_1 | 8.097 | 2.4 | 71.0 |  |  |
| Ml to 10%: joint, N_1 | 895.9 | 28 | 3,480.0 |  |  |
| Ml to 10%: joint / Rubin alone (yield ratio) | 110.6 | 42 |  |  |  |
| median sigma_J/sigma_Rubin (tE) | 0.06535 | 0.0025 | 6,117.0 | 2,010 |  |
| median sigma_J/sigma_Rubin (piE) | 0.03882 | 0.0013 | 6,117.0 | 2,010 |  |
| median sigma_J/sigma_Rubin (tetE) | 0.02111 | 0.00021 | 6,118.0 | 2,011 |  |
| median sigma_J/sigma_Rubin (Ml) | 0.03574 | 0.0014 | 6,118.0 | 2,011 |  |

## bh: what Rubin adds, over Roman's footprint detections

| quantity | value | err | n | N_eff | logged |
|---|---:|---:|---:|---:|---:|
| N_1 of the denominator | 8398 | 91 | 23,771.0 |  |  |
| characterised (tE>2sig, piE>2sig): Roman alone [%] | 30.55 | 0.49 | 23,771.0 | 8,583 |  |
| characterised (tE>2sig, piE>2sig): joint [%] | 34.58 | 0.51 | 23,771.0 | 8,583 |  |
| characterised (tE>2sig, piE>2sig): Roman alone, N_1 | 2566 | 48 | 8,844.0 |  |  |
| characterised (tE>2sig, piE>2sig): joint, N_1 | 2904 | 51 | 9,942.0 |  |  |
| characterised (tE>2sig, piE>2sig): joint / Roman alone (yield ratio) | 1.132 | 0.0075 |  |  |  |
| tE to 10%: Roman alone [%] | 23.79 | 0.45 | 23,771.0 | 8,583 |  |
| tE to 10%: joint [%] | 29.39 | 0.47 | 23,771.0 | 8,583 |  |
| tE to 10%: Roman alone, N_1 | 1998 | 44 | 6,346.0 |  |  |
| tE to 10%: joint, N_1 | 2468 | 49 | 7,533.0 |  |  |
| tE to 10%: joint / Roman alone (yield ratio) | 1.236 | 0.013 |  |  |  |
| piE to 10%: Roman alone [%] | 12.93 | 0.35 | 23,771.0 | 8,583 |  |
| piE to 10%: joint [%] | 14.72 | 0.37 | 23,771.0 | 8,583 |  |
| piE to 10%: Roman alone, N_1 | 1086 | 31 | 4,403.0 |  |  |
| piE to 10%: joint, N_1 | 1236 | 33 | 4,998.0 |  |  |
| piE to 10%: joint / Roman alone (yield ratio) | 1.138 | 0.011 |  |  |  |
| tetE to 10%: Roman alone [%] | 97.07 | 0.14 | 23,771.0 | 8,583 |  |
| tetE to 10%: joint [%] | 97.23 | 0.13 | 23,771.0 | 8,583 |  |
| tetE to 10%: Roman alone, N_1 | 8152 | 90 | 22,534.0 |  |  |
| tetE to 10%: joint, N_1 | 8166 | 90 | 22,575.0 |  |  |
| tetE to 10%: joint / Roman alone (yield ratio) | 1.002 | 0.00038 |  |  |  |
| Ml to 10%: Roman alone [%] | 12.72 | 0.36 | 23,771.0 | 8,583 |  |
| Ml to 10%: joint [%] | 14.48 | 0.38 | 23,771.0 | 8,583 |  |
| Ml to 10%: Roman alone, N_1 | 1068 | 31 | 4,384.0 |  |  |
| Ml to 10%: joint, N_1 | 1216 | 33 | 4,934.0 |  |  |
| Ml to 10%: joint / Roman alone (yield ratio) | 1.139 | 0.011 |  |  |  |
| median sigma_J/sigma_Roman (tE) | 0.9974 | 0.00022 | 23,750.0 | 8,571 |  |
| median sigma_J/sigma_Roman (piE) | 0.998 | 0.00016 | 23,750.0 | 8,571 |  |
| median sigma_J/sigma_Roman (tetE) | 0.999 | 4.7e-05 | 23,771.0 | 8,583 |  |
| median sigma_J/sigma_Roman (Ml) | 0.9989 | 6.6e-05 | 23,771.0 | 8,583 |  |

## bh: Roman detections by peak coverage (yield-weighted)

| quantity | value | err | n | N_eff | logged |
|---|---:|---:|---:|---:|---:|
| no Roman epoch within +-2 tE of the peak [%] | 2.85 | 0.15 | 23,771.0 |  | 2.9 |

## ns: yield N_1, whole scan

| quantity | value | err | n | N_eff | logged |
|---|---:|---:|---:|---:|---:|
| joint | 1.919e+05 | 1.5e+03 | 93,185.0 |  |  |
| Rubin detects | 1.411e+05 | 1.3e+03 | 78,633.0 |  |  |
| Roman detects | 5.794e+04 | 6.5e+02 | 18,047.0 |  |  |
| both detect | 7519 | 2.2e+02 | 3,606.0 |  |  |
| Rubin only | 1.336e+05 | 1.3e+03 | 75,027.0 |  |  |
| Roman only | 5.042e+04 | 6.1e+02 | 14,441.0 |  |  |
| Roman, sigma(M)/M<10% | 2286 | 90 | 2,790.0 |  |  |
| joint, sigma(M)/M<10% | 2607 | 95 | 3,229.0 |  |  |
| Roman, sigma(M)/M<1% | 40.51 | 4.5 | 198.0 |  |  |
| share of detections outside the footprint | 0.6749 | 0.0033 | 93,185.0 |  |  |
| share of Rubin detections inside the footprint | 0.08196 | 0.0019 | 78,633.0 |  |  |

## ns: yield N_1, footprint

| quantity | value | err | n | N_eff | logged |
|---|---:|---:|---:|---:|---:|
| joint | 6.24e+04 | 6.8e+02 | 19,058.0 |  |  |
| Rubin detects | 1.156e+04 | 2.8e+02 | 4,506.0 |  |  |
| Roman detects | 5.794e+04 | 6.5e+02 | 18,047.0 |  |  |
| both detect | 7519 | 2.2e+02 | 3,606.0 |  |  |
| Rubin only | 4043 | 1.8e+02 | 900.0 |  |  |
| Roman only | 5.042e+04 | 6.1e+02 | 14,441.0 |  |  |
| Roman, sigma(M)/M<10% | 2286 | 90 | 2,790.0 |  |  |
| joint, sigma(M)/M<10% | 2599 | 95 | 3,183.0 |  |  |
| Roman, sigma(M)/M<1% | 40.51 | 4.5 | 198.0 |  |  |
| joint/Roman, sigma(M)/M<10% | 1.137 | 0.015 |  |  |  |
| Roman also detects, of Rubin's detections | 0.6503 | 0.011 | 4,506.0 | 1,687 |  |

## ns: detection share (weighted, all detections)

| quantity | value | err | n | N_eff | logged |
|---|---:|---:|---:|---:|---:|
| Rubin only | 69.59 | 0.32 | 93,185.0 | 17,086 | 69.59 |
| Roman only | 26.27 | 0.3 | 93,185.0 | 17,086 | 26.27 |
| both | 3.918 | 0.11 | 93,185.0 | 17,086 | 3.92 |

## ns: joint/single, events both surveys constrain

| quantity | value | err | n | N_eff | logged |
|---|---:|---:|---:|---:|---:|
| N (okA_L & okA_R) | 1.89e+04 |  |  |  | 1.89e+04 |
| median sigma_J/sigma_Rubin (tE) | 0.008405 | 0.00027 | 18,895.0 | 8,463 | 0.008 |
| median sigma_J/sigma_Roman (tE) | 0.9989 | 7.6e-05 | 18,895.0 | 8,463 | 0.999 |
| median sigma_J/sigma_Rubin (piE) | 0.00752 | 0.00023 | 18,895.0 | 8,463 | 0.008 |
| median sigma_J/sigma_Roman (piE) | 0.9991 | 6.7e-05 | 18,895.0 | 8,463 | 0.999 |
| median sigma_J/sigma_Rubin (tetE) | 0.03504 | 0.00061 | 18,895.0 | 8,463 | 0.035 |
| median sigma_J/sigma_Roman (tetE) | 0.9988 | 5.5e-05 | 18,895.0 | 8,463 | 0.999 |

## ns: centroid shift (all detections)

| quantity | value | err | n | N_eff | logged |
|---|---:|---:|---:|---:|---:|
| median max shift [mas] | 0.2637 | 0.0012 | 93,185.0 | 17,086 | 0.2637 |
| above Roman's 1.1 mas floor [%] | 0.5765 | 0.028 | 93,185.0 | 17,086 | 0.58 |

## ns: centroid shift (footprint detections)

| quantity | value | err | n | N_eff | logged |
|---|---:|---:|---:|---:|---:|
| median max shift [mas] | 0.2531 | 0.0013 | 19,058.0 | 8,536 |  |
| above Roman's 1.1 mas floor [%] | 0.3272 | 0.022 | 19,058.0 | 8,536 |  |

## ns: measured to 10% (own measured set, p7)

| quantity | value | err | n | N_eff | logged |
|---|---:|---:|---:|---:|---:|
| tE joint | 10.01 | 0.2 | 92,330.0 | 17,057 | 10.01 |
| tE rubin | 4.447 | 0.16 | 92,205.0 | 17,013 | 4.45 |
| tE roman | 16.03 | 0.36 | 19,021.0 | 8,520 | 16.03 |
| piE joint | 2.401 | 0.062 | 92,330.0 | 17,057 | 2.4 |
| piE rubin | 0.781 | 0.03 | 92,205.0 | 17,013 | 0.78 |
| piE roman | 4.549 | 0.16 | 19,021.0 | 8,520 | 4.55 |
| tetE joint | 22.12 | 0.27 | 93,185.0 | 17,086 | 22.12 |
| tetE rubin | 0.4257 | 0.029 | 93,068.0 | 17,045 | 0.43 |
| tetE roman | 67.17 | 0.52 | 19,058.0 | 8,536 | 67.17 |
| Ml joint | 1.359 | 0.049 | 93,185.0 | 17,086 | 1.36 |
| Ml rubin | 0.004347 | 0.0017 | 93,068.0 | 17,045 | 0 |
| Ml roman | 3.664 | 0.15 | 19,058.0 | 8,536 | 3.66 |

## ns: image resolution: P over the survey's detections

| quantity | value | err | n | N_eff | logged |
|---|---:|---:|---:|---:|---:|
| Rubin nres5 | 0.0002361 | 7e-05 | 78,633.0 | 11,190 | 0.0002 |
| Rubin nres20 | 0 | 0 | 78,633.0 | 11,190 | 0 |
| Rubin nresPSF | 0 | 0 | 78,633.0 | 11,190 | 0 |
| Roman nres5 | 14.85 | 0.38 | 18,047.0 | 7,957 | 14.85 |
| Roman nres20 | 0.3516 | 0.045 | 18,047.0 | 7,957 | 0.3516 |
| Roman nresPSF | 0.001124 | 0.0009 | 18,047.0 | 7,957 | 0.0011 |

## ns: image resolution: yield N_1, whole scan

| quantity | value | err | n | N_eff | logged |
|---|---:|---:|---:|---:|---:|
| Rubin nres5 | 0.333 | 0.099 | 29.0 |  |  |
| Rubin nres20 | 0 | 0 | 0.0 |  |  |
| Rubin nresPSF | 0 | 0 | 0.0 |  |  |
| Roman nres5 | 8607 | 2.4e+02 | 3,678.0 |  |  |
| Roman nres20 | 203.8 | 26 | 244.0 |  |  |
| Roman nresPSF | 0.6514 | 0.48 | 5.0 |  |  |

## ns: image resolution: yield N_1, footprint

| quantity | value | err | n | N_eff | logged |
|---|---:|---:|---:|---:|---:|
| Rubin nres5 | 0.04442 | 0.032 | 2.0 |  |  |
| Rubin nres20 | 0 | 0 | 0.0 |  |  |
| Rubin nresPSF | 0 | 0 | 0.0 |  |  |
| Roman nres5 | 8607 | 2.4e+02 | 3,678.0 |  |  |
| Roman nres20 | 203.8 | 26 | 244.0 |  |  |
| Roman nresPSF | 0.6514 | 0.48 | 5.0 |  |  |

## ns: image resolution: P, Rubin detections in the footprint

| quantity | value | err | n | N_eff | logged |
|---|---:|---:|---:|---:|---:|
| Rubin nres5 | 0.0003842 | 0.00026 | 4,506.0 | 1,687 |  |
| Rubin nres20 | 0 | 0 | 4,506.0 | 1,687 |  |
| Rubin nresPSF | 0 | 0 | 4,506.0 | 1,687 |  |

## ns: image resolution: who is resolved

| quantity | value | err | n | N_eff | logged |
|---|---:|---:|---:|---:|---:|
| median theta_E [mas], resolvable (Roman, D=5) | 1.025 | 0.014 | 3,678.0 | 1,303 |  |
| median theta_E [mas], all Roman detections | 0.7379 | 0.004 | 18,047.0 | 7,957 |  |
| median M_L [Msun], resolvable (Roman, D=5) | 1.381 | 0.0057 | 3,678.0 | 1,303 |  |
| median M_L [Msun], all Roman detections | 1.369 | 0.0019 | 18,047.0 | 7,957 |  |
| median D_L [kpc], resolvable (Roman, D=5) | 4.925 | 0.061 | 3,678.0 | 1,303 |  |
| median D_L [kpc], all Roman detections | 6.417 | 0.029 | 18,047.0 | 7,957 |  |
| median t_E [d], resolvable (Roman, D=5) | 50.42 | 0.88 | 3,678.0 | 1,303 |  |
| median t_E [d], all Roman detections | 42.36 | 0.34 | 18,047.0 | 7,957 |  |
| median largest resolved separation [mas], resolvable (Roman, D=5) | 8.393 | 0.1 | 3,678.0 | 1,303 |  |
| median largest resolved separation [mas], all Roman detections | 3.491 | 0.032 | 18,047.0 | 7,957 |  |

## ns: image resolution: P(Roman, D=5) by theta_E

| quantity | value | err | n | N_eff | logged |
|---|---:|---:|---:|---:|---:|
| theta_E in [0,1) mas | 9.388 | 0.4 | 10,448.0 | 5,487 |  |
| theta_E in [1,2) mas | 30.07 | 0.95 | 5,705.0 | 2,293 |  |
| theta_E in [2,3) mas | 39.76 | 2.1 | 1,268.0 | 520 |  |
| theta_E in [3,5) mas | 50.91 | 3.6 | 499.0 | 191 |  |
| theta_E in [5,10) mas | 66.35 | 7.3 | 114.0 | 53 |  |

## ns: what Roman adds, over Rubin's footprint detections

| quantity | value | err | n | N_eff | logged |
|---|---:|---:|---:|---:|---:|
| N_1 of the denominator | 1.156e+04 | 2.8e+02 | 4,506.0 |  |  |
| characterised (tE>2sig, piE>2sig): Rubin alone [%] | 4.935 | 0.31 | 4,506.0 | 1,687 |  |
| characterised (tE>2sig, piE>2sig): joint [%] | 37.27 | 1.1 | 4,506.0 | 1,687 |  |
| characterised (tE>2sig, piE>2sig): Rubin alone, N_1 | 570.6 | 37 | 1,165.0 |  |  |
| characterised (tE>2sig, piE>2sig): joint, N_1 | 4310 | 1.5e+02 | 2,985.0 |  |  |
| characterised (tE>2sig, piE>2sig): joint / Rubin alone (yield ratio) | 7.554 | 0.49 |  |  |  |
| tE to 10%: Rubin alone [%] | 5.756 | 0.49 | 4,506.0 | 1,687 |  |
| tE to 10%: joint [%] | 42.41 | 1.2 | 4,506.0 | 1,687 |  |
| tE to 10%: Rubin alone, N_1 | 665.6 | 58 | 636.0 |  |  |
| tE to 10%: joint, N_1 | 4904 | 1.7e+02 | 2,741.0 |  |  |
| tE to 10%: joint / Rubin alone (yield ratio) | 7.369 | 0.61 |  |  |  |
| piE to 10%: Rubin alone [%] | 0.8615 | 0.072 | 4,506.0 | 1,687 |  |
| piE to 10%: joint [%] | 16.7 | 0.73 | 4,506.0 | 1,687 |  |
| piE to 10%: Rubin alone, N_1 | 99.61 | 8.2 | 451.0 |  |  |
| piE to 10%: joint, N_1 | 1931 | 86 | 2,148.0 |  |  |
| piE to 10%: joint / Rubin alone (yield ratio) | 19.38 | 1.8 |  |  |  |
| tetE to 10%: Rubin alone [%] | 0.4309 | 0.091 | 4,506.0 | 1,687 |  |
| tetE to 10%: joint [%] | 77.71 | 1 | 4,506.0 | 1,687 |  |
| tetE to 10%: Rubin alone, N_1 | 49.82 | 10 | 120.0 |  |  |
| tetE to 10%: joint, N_1 | 8985 | 2.4e+02 | 3,830.0 |  |  |
| tetE to 10%: joint / Rubin alone (yield ratio) | 180.3 | 44 |  |  |  |
| Ml to 10%: Rubin alone [%] | 0.001268 | 0.00085 | 4,506.0 | 1,687 |  |
| Ml to 10%: joint [%] | 14.93 | 0.67 | 4,506.0 | 1,687 |  |
| Ml to 10%: Rubin alone, N_1 | 0.1466 | 0.096 | 5.0 |  |  |
| Ml to 10%: joint, N_1 | 1726 | 80 | 1,973.0 |  |  |
| Ml to 10%: joint / Rubin alone (yield ratio) | 1.178e+04 |  |  |  |  |
| median sigma_J/sigma_Rubin (tE) | 0.1323 | 0.01 | 4,506.0 | 1,687 |  |
| median sigma_J/sigma_Rubin (piE) | 0.1049 | 0.0062 | 4,506.0 | 1,687 |  |
| median sigma_J/sigma_Rubin (tetE) | 0.0229 | 0.0003 | 4,506.0 | 1,687 |  |
| median sigma_J/sigma_Rubin (Ml) | 0.08098 | 0.006 | 4,506.0 | 1,687 |  |

## ns: what Rubin adds, over Roman's footprint detections

| quantity | value | err | n | N_eff | logged |
|---|---:|---:|---:|---:|---:|
| N_1 of the denominator | 5.794e+04 | 6.5e+02 | 18,047.0 |  |  |
| characterised (tE>2sig, piE>2sig): Roman alone [%] | 15.88 | 0.35 | 18,047.0 | 7,957 |  |
| characterised (tE>2sig, piE>2sig): joint [%] | 17.73 | 0.36 | 18,047.0 | 7,957 |  |
| characterised (tE>2sig, piE>2sig): Roman alone, N_1 | 9204 | 2.1e+02 | 6,179.0 |  |  |
| characterised (tE>2sig, piE>2sig): joint, N_1 | 1.027e+04 | 2.2e+02 | 6,965.0 |  |  |
| characterised (tE>2sig, piE>2sig): joint / Roman alone (yield ratio) | 1.116 | 0.008 |  |  |  |
| tE to 10%: Roman alone [%] | 17.2 | 0.39 | 18,047.0 | 7,957 |  |
| tE to 10%: joint [%] | 19.36 | 0.4 | 18,047.0 | 7,957 |  |
| tE to 10%: Roman alone, N_1 | 9968 | 2.5e+02 | 4,607.0 |  |  |
| tE to 10%: joint, N_1 | 1.122e+04 | 2.7e+02 | 5,259.0 |  |  |
| tE to 10%: joint / Roman alone (yield ratio) | 1.126 | 0.0099 |  |  |  |
| piE to 10%: Roman alone [%] | 4.884 | 0.17 | 18,047.0 | 7,957 |  |
| piE to 10%: joint [%] | 5.519 | 0.18 | 18,047.0 | 7,957 |  |
| piE to 10%: Roman alone, N_1 | 2830 | 1e+02 | 3,261.0 |  |  |
| piE to 10%: joint, N_1 | 3198 | 1.1e+02 | 3,732.0 |  |  |
| piE to 10%: joint / Roman alone (yield ratio) | 1.13 | 0.013 |  |  |  |
| tetE to 10%: Roman alone [%] | 67.63 | 0.53 | 18,047.0 | 7,957 |  |
| tetE to 10%: joint [%] | 67.81 | 0.53 | 18,047.0 | 7,957 |  |
| tetE to 10%: Roman alone, N_1 | 3.919e+04 | 5.2e+02 | 13,775.0 |  |  |
| tetE to 10%: joint, N_1 | 3.929e+04 | 5.3e+02 | 13,803.0 |  |  |
| tetE to 10%: joint / Roman alone (yield ratio) | 1.003 | 0.00079 |  |  |  |
| Ml to 10%: Roman alone [%] | 3.945 | 0.16 | 18,047.0 | 7,957 |  |
| Ml to 10%: joint [%] | 4.471 | 0.16 | 18,047.0 | 7,957 |  |
| Ml to 10%: Roman alone, N_1 | 2286 | 90 | 2,790.0 |  |  |
| Ml to 10%: joint, N_1 | 2591 | 95 | 3,174.0 |  |  |
| Ml to 10%: joint / Roman alone (yield ratio) | 1.134 | 0.015 |  |  |  |
| median sigma_J/sigma_Roman (tE) | 0.9994 | 4.4e-05 | 18,043.0 | 7,955 |  |
| median sigma_J/sigma_Roman (piE) | 0.9995 | 3.6e-05 | 18,043.0 | 7,955 |  |
| median sigma_J/sigma_Roman (tetE) | 0.999 | 4.1e-05 | 18,047.0 | 7,957 |  |
| median sigma_J/sigma_Roman (Ml) | 0.9993 | 3.7e-05 | 18,047.0 | 7,957 |  |

## ns: Roman detections by peak coverage (yield-weighted)

| quantity | value | err | n | N_eff | logged |
|---|---:|---:|---:|---:|---:|
| no Roman epoch within +-2 tE of the peak [%] | 3.89 | 0.21 | 18,047.0 |  | 3.9 |

[memrun] peak RSS 1686 MB, wall 7.6 min
