[bulge] reading runs/prod_bulge_20260924/test5_detJ.dat
[bulge] 85,061 detections, 12,461 in the footprint, event-rate weighted, N_eff = 9,465
[bh] reading runs/prod_bh_20260924/testbh_detJ.dat
[bh] 101,515 detections, 24,186 in the footprint, event-rate weighted, N_eff = 17,638
[ns] reading runs/prod_ns_20260924/testns_detJ.dat
[ns] 93,185 detections, 19,058 in the footprint, event-rate weighted, N_eff = 17,086
Part 1: 1612 sightlines with detections; model/Marshall A_V(8 kpc): median 1.10
[bulge] Roman: per-row yield density, model -> dust-corrected (median factor)
        n       rho0       rho1      c
lat                                   
-1.44  17  42924.897  45103.997  1.052
-1.34  22  44953.996  47067.191  1.061
-1.24  22  48370.790  47924.215  1.007
-1.14  22  50362.255  48017.979  0.989
-1.04  21  51832.841  48093.296  0.893
-0.94  15  66650.797  52174.330  0.770
-0.34   4  88160.229  26590.190  0.305
-0.24   5  84084.364  19271.626  0.243
-0.14   6  81723.479  18229.800  0.230
-0.04   6  72413.215  14886.951  0.208
 0.06   5  73835.115  14236.826  0.175
 0.16   2  69963.865  11425.323  0.160
[bulge] Rubin: per-row yield density, model -> dust-corrected (median factor)
        n       rho0      rho1      c
lat                                  
-1.44  17   5911.562  7329.390  1.296
-1.34  22   7784.817  9371.483  1.269
-1.24  22  10479.033  9858.757  1.038
-1.14  22   8893.198  6899.835  0.963
-1.04  21  12155.038  8237.728  0.631
-0.94  15  18230.439  5514.585  0.273
-0.34   4  19491.075     0.000  0.000
-0.24   5  16379.804     0.000  0.000
-0.14   6  15582.584     0.000  0.000
-0.04   6  13900.655     0.000  0.000
 0.06   5  17427.028     0.000  0.000
 0.16   2  16352.556     0.000  0.000
[bh] Roman: per-row yield density, model -> dust-corrected (median factor)
        n      rho0      rho1      c
lat                                 
-1.44  17  4401.022  4551.953  1.034
-1.34  22  4526.799  4676.149  1.043
-1.24  22  5014.074  4978.598  1.004
-1.14  22  5242.406  5105.569  0.993
-1.04  21  6156.069  5868.183  0.927
-0.94  15  6619.971  5590.360  0.828
-0.34   4  8367.316  3753.370  0.456
-0.24   5  8074.843  2710.197  0.369
-0.14   6  7171.018  2296.263  0.324
-0.04   6  7091.932  2524.871  0.361
 0.06   5  7236.675  2069.855  0.306
 0.16   2  7806.403  1925.419  0.256
[bh] Rubin: per-row yield density, model -> dust-corrected (median factor)
        n      rho0      rho1      c
lat                                 
-1.44  17   836.313   952.181  1.152
-1.34  22   894.450   990.490  1.142
-1.24  22   965.066   932.897  1.016
-1.14  22   997.133   878.112  0.984
-1.04  21  1252.090  1031.833  0.801
-0.94  15  1764.356   783.156  0.413
-0.34   4  2711.791     0.217  0.000
-0.24   5  1830.842     0.000  0.000
-0.14   6  1673.006     0.000  0.000
-0.04   6  1719.015     0.000  0.000
 0.06   5  1561.506     0.000  0.000
 0.16   2  1580.802     0.000  0.000
[ns] Roman: per-row yield density, model -> dust-corrected (median factor)
        n       rho0       rho1      c
lat                                   
-1.44  17  30115.489  31626.432  1.054
-1.34  22  30634.378  32031.329  1.052
-1.24  22  33214.323  32965.442  1.007
-1.14  22  34946.436  33626.710  0.988
-1.04  21  40407.931  37451.320  0.892
-0.94  15  47786.476  37462.527  0.759
-0.34   4  54301.484  19065.239  0.346
-0.24   5  58455.856  19004.895  0.324
-0.14   6  55173.212  17228.201  0.308
-0.04   6  52706.652  16712.691  0.324
 0.06   5  55943.797  14989.605  0.270
 0.16   2  53569.918  14756.895  0.275
[ns] Rubin: per-row yield density, model -> dust-corrected (median factor)
        n       rho0      rho1      c
lat                                  
-1.44  17   4945.809  6071.941  1.224
-1.34  22   5155.819  6116.824  1.245
-1.24  22   5625.760  5360.785  1.030
-1.14  22   6708.475  5360.623  0.966
-1.04  21   8874.406  6272.808  0.682
-0.94  15  11942.047  4007.353  0.299
-0.34   4   9780.255     0.003  0.000
-0.24   5  12988.628     0.000  0.000
-0.14   6  11390.320     0.000  0.000
-0.04   6  11264.663     0.000  0.000
 0.06   5  11909.222     0.000  0.000
 0.16   2  11199.961     0.000  0.000
[bulge] whole-scan Rubin yield rebuilt from all draws: 1.749e+05 (y1: see y1_yields.csv)
[bulge] Rubin whole scan: 1.749e+05 -> 9.82e+04 (0.561); outside the footprint 1.581e+05 -> 8.88e+04 (0.562); inside 1.683e+04 -> 9407 (0.559); 20 sightlines without a Marshall value (left uncorrected)
part population                                                             quantity         value       n      err
   1       scan                                        model/Marshall A_V, |b| 0-0.5  2.287639e-01   230.0      NaN
   1       scan                                      model/Marshall A_V, |b| 0.5-1.0  3.839555e-01   207.0      NaN
   1       scan                                      model/Marshall A_V, |b| 1.0-1.5  1.144247e+00   259.0      NaN
   1       scan                                      model/Marshall A_V, |b| 1.5-2.5  1.308067e+00   352.0      NaN
   1       scan                                        model/Marshall A_V, |b| 2.5-6  1.221952e+00   564.0      NaN
   1      bulge                 share of Rubin detected yield, model < 0.5x Marshall  5.221514e-01 15082.0      NaN
   1      bulge                        share of Rubin detected yield, model 0.5-0.8x  3.797791e-02  5027.0      NaN
   1      bulge                       share of Rubin detected yield, model 0.8-1.25x  2.558249e-01 28202.0      NaN
   1      bulge                         share of Rubin detected yield, model > 1.25x  1.266232e-01 26109.0      NaN
   1      bulge                 share of Roman detected yield, model < 0.5x Marshall  4.681738e-01  4405.0      NaN
   1      bulge                        share of Roman detected yield, model 0.5-0.8x  1.081744e-01  1278.0      NaN
   1      bulge                       share of Roman detected yield, model 0.8-1.25x  2.715931e-01  3578.0      NaN
   1      bulge                         share of Roman detected yield, model > 1.25x  1.520587e-01  2207.0      NaN
   1         bh                 share of Rubin detected yield, model < 0.5x Marshall  5.144622e-01 16647.0      NaN
   1         bh                        share of Rubin detected yield, model 0.5-0.8x  4.774147e-02  5570.0      NaN
   1         bh                       share of Rubin detected yield, model 0.8-1.25x  2.678597e-01 31260.0      NaN
   1         bh                         share of Rubin detected yield, model > 1.25x  1.398006e-01 28226.0      NaN
   1         bh                 share of Roman detected yield, model < 0.5x Marshall  4.454288e-01  8951.0      NaN
   1         bh                        share of Roman detected yield, model 0.5-0.8x  1.115616e-01  2709.0      NaN
   1         bh                       share of Roman detected yield, model 0.8-1.25x  2.897639e-01  7548.0      NaN
   1         bh                         share of Roman detected yield, model > 1.25x  1.532456e-01  4563.0      NaN
   1         ns                 share of Rubin detected yield, model < 0.5x Marshall  5.334253e-01 15812.0      NaN
   1         ns                        share of Rubin detected yield, model 0.5-0.8x  3.764732e-02  5271.0      NaN
   1         ns                       share of Rubin detected yield, model 0.8-1.25x  2.548360e-01 28950.0      NaN
   1         ns                         share of Rubin detected yield, model > 1.25x  1.278798e-01 27061.0      NaN
   1         ns                 share of Roman detected yield, model < 0.5x Marshall  4.680027e-01  6874.0      NaN
   1         ns                        share of Roman detected yield, model 0.5-0.8x  1.051852e-01  2015.0      NaN
   1         ns                       share of Roman detected yield, model 0.8-1.25x  2.710792e-01  5685.0      NaN
   1         ns                         share of Roman detected yield, model > 1.25x  1.557329e-01  3473.0      NaN
   2      bulge        Roman detections, simulated footprint: dust-corrected / model  7.575061e-01   147.0      NaN
   2      bulge                 Roman detections, five-field: dust-corrected / model  9.542504e-01   119.0      NaN
   2      bulge                   Roman detections, GC field: dust-corrected / model  2.244936e-01    28.0      NaN
   2      bulge                 Roman: dust-corrected slope d ln(rho)/db, five-field  2.111301e-01     6.0 0.111672
   2      bulge                   Roman: dust-corrected slope d ln(rho)/db, GC field -1.549391e+00     6.0 0.238167
   2      bulge           Roman detections: real/simulated footprint, dust-corrected  1.158858e+00   147.0      NaN
   2      bulge        Rubin detections, simulated footprint: dust-corrected / model  5.674515e-01   147.0      NaN
   2      bulge                 Rubin detections, five-field: dust-corrected / model  7.786748e-01   119.0      NaN
   2      bulge                   Rubin detections, GC field: dust-corrected / model  0.000000e+00    28.0      NaN
   2      bulge                 Rubin: dust-corrected slope d ln(rho)/db, five-field -6.011631e-01     6.0 0.485079
   2      bulge                   Rubin: dust-corrected slope d ln(rho)/db, GC field           NaN     6.0      NaN
   2      bulge           Rubin detections: real/simulated footprint, dust-corrected  1.364292e+00   147.0      NaN
   2         bh        Roman detections, simulated footprint: dust-corrected / model  8.107326e-01   147.0      NaN
   2         bh                 Roman detections, five-field: dust-corrected / model  9.690928e-01   119.0      NaN
   2         bh                   Roman detections, GC field: dust-corrected / model  3.394200e-01    28.0      NaN
   2         bh                 Roman: dust-corrected slope d ln(rho)/db, five-field  5.084347e-01     6.0 0.098822
   2         bh                   Roman: dust-corrected slope d ln(rho)/db, GC field -1.146601e+00     6.0 0.314804
   2         bh           Roman detections: real/simulated footprint, dust-corrected  1.095834e+00   147.0      NaN
   2         bh        Rubin detections, simulated footprint: dust-corrected / model  6.140742e-01   147.0      NaN
   2         bh                 Rubin detections, five-field: dust-corrected / model  8.568284e-01   119.0      NaN
   2         bh                   Rubin detections, GC field: dust-corrected / model  1.690016e-05    28.0      NaN
   2         bh                 Rubin: dust-corrected slope d ln(rho)/db, five-field -2.716001e-01     6.0 0.235345
   2         bh                   Rubin: dust-corrected slope d ln(rho)/db, GC field           NaN     6.0      NaN
   2         bh           Rubin detections: real/simulated footprint, dust-corrected  1.270068e+00   147.0      NaN
   2         ns        Roman detections, simulated footprint: dust-corrected / model  7.826764e-01   147.0      NaN
   2         ns                 Roman detections, five-field: dust-corrected / model  9.541174e-01   119.0      NaN
   2         ns                   Roman detections, GC field: dust-corrected / model  3.105632e-01    28.0      NaN
   2         ns                 Roman: dust-corrected slope d ln(rho)/db, five-field  3.904870e-01     6.0 0.076500
   2         ns                   Roman: dust-corrected slope d ln(rho)/db, GC field -5.993338e-01     6.0 0.163796
   2         ns           Roman detections: real/simulated footprint, dust-corrected  1.108623e+00   147.0      NaN
   2         ns        Rubin detections, simulated footprint: dust-corrected / model  5.755489e-01   147.0      NaN
   2         ns                 Rubin detections, five-field: dust-corrected / model  7.976279e-01   119.0      NaN
   2         ns                   Rubin detections, GC field: dust-corrected / model  3.907569e-08    28.0      NaN
   2         ns                 Rubin: dust-corrected slope d ln(rho)/db, five-field -4.879911e-01     6.0 0.376677
   2         ns                   Rubin: dust-corrected slope d ln(rho)/db, GC field           NaN     6.0      NaN
   2         ns           Rubin detections: real/simulated footprint, dust-corrected  1.330695e+00   147.0      NaN
   3      bulge                        Rubin whole-scan yield, rebuilt (uncorrected)  1.749344e+05  1689.0      NaN
   3      bulge                       Rubin whole-scan yield: dust-corrected / model  5.613682e-01  1689.0      NaN
   3      bulge                  Rubin outside the footprint: dust-corrected / model  5.616377e-01  1689.0      NaN
   3      bulge Rubin inside the footprint (whole-scan eff.): dust-corrected / model  5.588368e-01  1689.0      NaN
   3      bulge       note: outside-footprint detections are Rubin's by construction           NaN     NaN      NaN
[memrun] peak RSS 2493 MB, wall 4.2 min
