[bulge] footprint draws 44,119; uncorrected Roman N_1 8.186e+04 (must equal y1's footprint 'Roman detects')
[bulge] whole-scan Rubin: uncorrected 1.749e+05 (must equal y1), corrected 9.629e+04
population                                             quantity    corrected          mc        syst       total  as_simulated       aks_lo       aks_hi       pooled        d8kpc
     bulge                                        Roman detects 60619.513461 1069.241261 2056.006952 2317.421296  81860.759860 57912.730490 61585.333307 61093.768246 61413.392624
     bulge                                Roman, sigma(M)/M<10%  1062.422820   96.091012   42.870418  105.220508   1929.526466  1034.265746  1088.638763  1063.363852  1095.557106
     bulge                                 Roman, sigma(M)/M<1%     7.600141    4.145442    5.135410    6.599782     11.697639     5.465831     7.762386     7.569875     2.594846
     bulge                                joint, sigma(M)/M<10%  1148.801193   95.003502   34.946300  101.227018   2124.835997  1123.187062  1173.596008  1145.801320  1172.821584
     bulge                            Rubin detects (footprint)  9535.578896  462.309551  897.286701 1009.382754  16832.669875  8224.012131  9960.996892  9498.696455  9758.029101
     bulge                                          both detect  5753.007601  367.508293  545.172182  657.476276   9488.198076  4924.488977  6004.953759  5747.702156  5826.038581
     bulge                               Rubin only (footprint)  3844.951710  293.488579  356.412245  461.698207   7344.471798  3354.235407  4023.531148  3786.755752  3952.904114
     bulge                      RfR: characterised, Rubin alone   399.438534   52.449280   76.597322   92.833597    838.980718   369.016287   391.431810   472.037736   421.138574
     bulge                            RfR: characterised, joint  2652.735521  218.994380  307.909711  377.845111   4368.701388  2253.471529  2817.604418  2565.652879  2740.277077
     bulge                        RfR: mass to 10%, Rubin alone     0.000000    0.000000    0.000000    0.000000      1.135619     0.000000     0.000000     0.000000     0.000000
     bulge                              RfR: mass to 10%, joint   660.972774   71.870551   63.356334   95.809192   1489.998989   576.161584   691.891254   645.737192   681.794949
     bulge                  RfR: characterised, Rubin alone [%]     4.188928    0.576928    0.838493    1.017800      4.984240     4.487059     3.929645     4.969500     4.315816
     bulge                        RfR: characterised, joint [%]    27.819344    2.114351    0.958725    2.321558     25.953704    27.401121    28.286370    27.010579    28.082280
     bulge                    RfR: mass to 10%, Rubin alone [%]     0.000000    0.000000    0.000000    0.000000      0.006747     0.000000     0.000000     0.000000     0.000000
     bulge                          RfR: mass to 10%, joint [%]     6.931648    0.779477    0.147574    0.793324      8.851828     7.005845     6.946004     6.798166     6.987015
     bulge                          joint/Roman, sigma(M)/M<10%     1.081303    0.028566    0.012090    0.031020      1.101221     1.085975     1.078040     1.077525     1.070525
     bulge                   Roman also detects, of Rubin's [%]    60.332022    2.484472    0.682608    2.576539     56.367755    59.879398    60.284667    60.510431    59.705075
     bulge  Roman sigma(M)/M<10% fraction of its detections [%]     1.752609    0.158639    0.034756    0.162402      2.357084     1.785904     1.767692     1.740544     1.783906
     bulge  median sigma_J/sigma_Rubin (tE), Rubin's detections     0.114782    0.017309    0.005893    0.018285      0.156977     0.119431     0.115584     0.111713     0.119431
     bulge      median sigma_J/sigma_Roman (tE), both constrain     0.998531    0.000204    0.000076    0.000217      0.998819     0.998592     0.998528     0.998592     0.998499
     bulge           median max shift [mas], Roman's detections     0.123356    0.001785    0.000145    0.001791      0.124714     0.123356     0.123356     0.123458     0.123458
     bulge median A_V, Roman's footprint detections (corrected)     5.348038    0.019694    0.342350    0.342916      3.637155     5.831290     5.167872     5.352412     5.432616
     bulge                          P(resolvable) Roman D=5 [%]     0.980696         NaN    0.192027    0.192027      1.389893     0.956190     1.030068     0.980696     1.169136
     bulge                             Roman resolves, D=5, N_1   594.493113  168.675224  129.923777  212.911998   1137.776603   553.755828   634.370618   594.493113   718.006277
     bulge                         P(resolvable) Roman D=20 [%]     0.002320         NaN    0.000142    0.000142      0.000363     0.002633     0.002400     0.002320     0.002239
     bulge                            Roman resolves, D=20, N_1     1.406512    1.135593    0.039001    1.136262      0.297196     1.524709     1.478046     1.406512     1.375260
     bulge                        P(resolvable) Roman D=PSF [%]     0.000000         NaN    0.000000    0.000000      0.000000     0.000000     0.000000     0.000000     0.000000
     bulge                           Roman resolves, D=PSF, N_1     0.000000    0.000000    0.000000    0.000000      0.000000     0.000000     0.000000     0.000000     0.000000
     bulge                            Rubin detects, whole scan 96287.192745 1341.858589 7186.138785 7310.347127 174934.434429 86899.708685 99692.261462 99060.046184 98030.615471
     bulge                     Rubin detects, outside footprint 87033.425087 1269.176616 6303.137464 6429.646271           NaN 78940.575451 90027.762802 89577.441099 88622.794013
     bulge        share of detections outside the footprint [%]    57.448605         NaN    0.950454    0.950454           NaN    56.302660    57.844843    57.994705    57.551346
[bh] footprint draws 44,100; uncorrected Roman N_1 8398 (must equal y1's footprint 'Roman detects')
[bh] whole-scan Rubin: uncorrected 2.434e+04 (must equal y1), corrected 1.36e+04
population                                             quantity    corrected         mc       syst      total  as_simulated       aks_lo       aks_hi       pooled        d8kpc
        bh                                        Roman detects  6517.844968  74.793156 259.531168 270.093398   8398.438638  6288.235985  6604.653245  6706.018529  6601.014479
        bh                                Roman, sigma(M)/M<10%   743.658632  23.734992  28.949387  37.435503   1068.425783   704.855970   758.617087   744.827674   754.342074
        bh                                 Roman, sigma(M)/M<1%    33.816274   3.760507   4.265011   5.686100     59.803059    31.803980    34.772986    37.627099    35.026309
        bh                                joint, sigma(M)/M<10%   840.888523  24.928129  34.312215  42.411552   1216.445904   794.197052   858.658615   840.733570   852.656310
        bh                            Rubin detects (footprint)  1097.170641  30.276604  67.529645  74.006255   1811.454609  1000.585790  1132.311383  1098.821466  1111.990217
        bh                                          both detect  1053.367745  30.044726  66.673806  73.130581   1745.783109   956.633774  1088.031924  1055.112624  1064.591975
        bh                               Rubin only (footprint)    37.224302   3.859138   3.287703   5.069708     65.671500    33.609042    39.047500    36.833579    39.030437
        bh                      RfR: characterised, Rubin alone   138.782965   9.319068   9.919842  13.610595    242.441259   127.324617   142.449867   142.602123   143.942811
        bh                            RfR: characterised, joint   899.659995  27.852498  50.363751  57.552316   1429.229902   825.711475   923.523612   901.230922   911.586271
        bh                        RfR: mass to 10%, Rubin alone     2.634284   1.190418   0.960802   1.529783      8.096780     1.140803     2.345319     3.149947     2.091589
        bh                              RfR: mass to 10%, joint   586.943696  22.487190  31.806802  38.953130    895.892336   541.723492   603.938046   590.839967   592.312962
        bh                  RfR: characterised, Rubin alone [%]    12.649169   0.819003   0.447734   0.933398     13.383789    12.725007    12.580450    12.977734    12.944611
        bh                        RfR: characterised, joint [%]    81.998183   1.007372   0.481775   1.116649     78.899570    82.522806    81.560923    82.017957    81.977904
        bh                    RfR: mass to 10%, Rubin alone [%]     0.240098   0.108519   0.083908   0.137175      0.446977     0.114014     0.207127     0.286666     0.188094
        bh                          RfR: mass to 10%, joint [%]    53.496118   1.391412   0.538235   1.491886     49.457068    54.140634    53.336746    53.770334    53.266023
        bh                          joint/Roman, sigma(M)/M<10%     1.130745   0.012209   0.003266   0.012638      1.138540     1.126751     1.131874     1.128763     1.130331
        bh                   Roman also detects, of Rubin's [%]    96.007650   0.378670   0.362325   0.524090     96.374654    95.607372    96.089463    96.022207    95.737531
        bh  Roman sigma(M)/M<10% fraction of its detections [%]    11.409578   0.345126   0.333390   0.479855     12.721719    11.209121    11.486100    11.106854    11.427669
        bh  median sigma_J/sigma_Rubin (tE), Rubin's detections     0.060855   0.003445   0.001868   0.003919      0.065353     0.059322     0.061844     0.060855     0.062233
        bh      median sigma_J/sigma_Roman (tE), both constrain     0.996335   0.000335   0.000137   0.000362      0.997112     0.996387     0.996306     0.996440     0.996257
        bh           median max shift [mas], Roman's detections     3.389848   0.033891   0.004453   0.034183      3.383835     3.390312     3.389598     3.388827     3.385528
        bh median A_V, Roman's footprint detections (corrected)     5.363130   0.009752   0.369981   0.370109      4.189965     5.875214     5.182897     5.420054     5.480688
        bh                          P(resolvable) Roman D=5 [%]    39.409851        NaN   0.843172   0.843172     45.413954    38.094856    39.621570    39.409851    39.051766
        bh                             Roman resolves, D=5, N_1  2568.672987  48.749229 111.063140 121.291007   3814.063097  2395.494433  2616.867301  2568.672987  2577.812704
        bh                         P(resolvable) Roman D=20 [%]    18.130329        NaN   0.437283   0.437283     22.141535    17.586623    18.454427    18.130329    18.076061
        bh                            Roman resolves, D=20, N_1  1181.706730  34.590368  57.639480  67.222044   1859.543244  1105.888355  1218.850942  1181.706730  1193.203388
        bh                        P(resolvable) Roman D=PSF [%]     0.289490        NaN   0.029283   0.029283      0.312320     0.260837     0.305649     0.289490     0.308344
        bh                           Roman resolves, D=PSF, N_1    18.868488   3.231211   2.405789   4.028467     26.230001    16.402066    20.187042    18.868488    20.353853
        bh                            Rubin detects, whole scan 13599.784756 121.524477 957.759275 965.438256  24341.792807 12392.520401 14059.693906 13799.928925 14026.842442
        bh                     Rubin detects, outside footprint 12501.595422 117.583151 889.002356 896.744660           NaN 11395.469012 12924.968940 12699.798366 12909.269647
        bh        share of detections outside the footprint [%]    65.602222        NaN   1.007940   1.007940           NaN    64.318265    66.049298    65.319275    66.034385
[ns] footprint draws 44,100; uncorrected Roman N_1 5.794e+04 (must equal y1's footprint 'Roman detects')
[ns] whole-scan Rubin: uncorrected 1.411e+05 (must equal y1), corrected 7.646e+04
population                                             quantity    corrected         mc        syst       total  as_simulated       aks_lo       aks_hi       pooled        d8kpc
        ns                                        Roman detects 43819.904581 518.564644 1691.727054 1769.420729  57944.432653 41851.462287 44515.228165 44654.022757 44446.223294
        ns                                Roman, sigma(M)/M<10%  1440.905350  63.313268   65.805104   91.317477   2285.637366  1350.848660  1476.902986  1453.330083  1455.171198
        ns                                 Roman, sigma(M)/M<1%    26.863560   3.548860    2.859018    4.557235     40.513483    23.038733    28.375297    26.803365    25.838556
        ns                                joint, sigma(M)/M<10%  1647.948989  67.395387   80.719644  105.156071   2599.373879  1534.766175  1691.373018  1658.197064  1664.658632
        ns                            Rubin detects (footprint)  6511.346302 201.315793  543.618685  579.697614  11562.932580  5755.458314  6798.167358  6511.667924  6665.328878
        ns                                          both detect  4188.890420 154.201203  381.434289  411.424510   7519.470924  3657.743268  4387.973372  4197.331170  4298.944356
        ns                               Rubin only (footprint)  2284.436366 130.520588  177.639695  220.434764   4043.461656  2033.250884  2380.734676  2294.134396  2320.151391
        ns                      RfR: characterised, Rubin alone   316.339512  25.725017   24.765905   35.708914    570.570520   279.969281   324.269380   317.913599   327.305259
        ns                            RfR: characterised, joint  2434.171827 105.936240  204.630911  230.426337   4303.438366  2147.683347  2535.934655  2443.680785  2498.192293
        ns                        RfR: mass to 10%, Rubin alone     0.002195   0.001842    0.000436    0.001893      0.146620     0.002418     0.002117     0.002189     0.001786
        ns                              RfR: mass to 10%, joint   980.882252  59.086477   86.022417  104.360280   1726.497005   854.748101  1023.945316   975.823433   995.624713
        ns                  RfR: characterised, Rubin alone [%]     4.858281   0.406192    0.074411    0.412951      4.934479     4.864413     4.769953     4.882215     4.910564
        ns                        RfR: characterised, joint [%]    37.383541   1.437224    0.173810    1.447695     37.217534    37.315592    37.303210    37.527724    37.480406
        ns                    RfR: mass to 10%, Rubin alone [%]     0.000034   0.000028    0.000009    0.000030      0.001268     0.000042     0.000031     0.000034     0.000027
        ns                          RfR: mass to 10%, joint [%]    15.064200   0.906868    0.182668    0.925082     14.931307    14.851087    15.062079    14.985768    14.937368
        ns                          joint/Roman, sigma(M)/M<10%     1.143690   0.018063    0.005297    0.018824      1.137264     1.136150     1.145216     1.140964     1.143961
        ns                   Roman also detects, of Rubin's [%]    64.332171   1.553217    0.538620    1.643957     65.030829    63.552598    64.546416    64.458618    64.497108
        ns  Roman sigma(M)/M<10% fraction of its detections [%]     3.288244   0.144884    0.057947    0.156043      3.944533     3.227722     3.317748     3.254645     3.274004
        ns  median sigma_J/sigma_Rubin (tE), Rubin's detections     0.133078   0.013981    0.000994    0.014016      0.132266     0.131118     0.133078     0.133245     0.133078
        ns      median sigma_J/sigma_Roman (tE), both constrain     0.998755   0.000097    0.000124    0.000158      0.998949     0.998756     0.998753     0.998876     0.998726
        ns           median max shift [mas], Roman's detections     0.252438   0.001679    0.000161    0.001687      0.254372     0.252438     0.252606     0.252500     0.252562
        ns median A_V, Roman's footprint detections (corrected)     5.356304   0.012777    0.364542    0.364765      3.656557     5.854902     5.179149     5.372290     5.492224
        ns                          P(resolvable) Roman D=5 [%]     2.131154        NaN    0.077012    0.077012      2.937999     2.055993     2.207006     2.131154     2.146308
        ns                             Roman resolves, D=5, N_1   933.869605  56.939087   64.216596   85.824419   1702.406725   860.463020   982.453854   933.869605   953.952691
        ns                         P(resolvable) Roman D=20 [%]     0.017941        NaN    0.000277    0.000277      0.021742     0.018068     0.017553     0.017941     0.017840
        ns                            Roman resolves, D=20, N_1     7.861681   2.709069    0.142953    2.712838     12.598522     7.561741     7.813650     7.861681     7.929291
        ns                        P(resolvable) Roman D=PSF [%]     0.000063        NaN    0.000012    0.000012      0.000043     0.000066     0.000061     0.000063     0.000051
        ns                           Roman resolves, D=PSF, N_1     0.027547   0.027547    0.005073    0.028010      0.025082     0.027476     0.027348     0.027547     0.022475
        ns                            Rubin detects, whole scan 76464.559953 769.327259 5538.040454 5591.221379 141078.642408 69144.841460 79109.431736 78138.731417 78209.202363
        ns                     Rubin detects, outside footprint 69930.143281 742.407275 4973.721034 5028.823867           NaN 63434.050698 72311.598203 71511.052267 71522.599018
        ns        share of detections outside the footprint [%]    60.266690        NaN    0.807190    0.807190           NaN    59.108071    60.660245    60.367660    60.464299
[memrun] peak RSS 1497 MB, wall 34.9 min
