# .roman/bin/python analysis/u6_vvv_check.py -o figures/u1_20260929 --summary <u5_dust_summary.csv> --scan-log runs/prod_bulge_20260924/run.log   (2026-09-30)
Median column to 8 kpc on Roman's sightlines (VVV: median E(J-Ks) in the 0.1-deg cell; 1640-3091 nodes each):
            model  decaps    aks    ejk
block                                  
GC field    2.740   7.220  2.517  4.384
five-field  4.796   6.763  0.565  0.896

Contrast GC field / five-field block (law-free):
  VVV E(J-Ks) (Surot+2020)      4.89
  Marshall A_Ks                 4.46
  DECaPS A_V                    1.07
  simulator's tables A_V        0.57

Calibration on the five-field block (DECaPS reliable at 8 kpc on 100%): A_Ks(Marshall)/A_V(DECaPS) median 0.0805, 16-84% 0.0677-0.0928; ratio of medians 0.0835
  E(J-Ks)(VVV)/A_V(DECaPS) there: median 0.1333
  same ratio on the GC field: 0.5985  (a saturated DECaPS makes this larger)

GC field column to 8 kpc on DECaPS's A_V scale (median): DECaPS itself 7.2; Marshall calibrated 31.3; VVV calibrated 32.9; the simulator's tables 2.7
A_Ks/A_V that makes Marshall's contrast match VVV's: 0.0733

Whole scan, per |b| bin: median over sightlines of each map's A_V(8 kpc) / VVV's (all on DECaPS's scale):
                   n  vvv_av  model  decaps  marshall  nominal  decaps_reliable
bbin                                                                           
(-0.001, 0.5]  239.0  24.104  0.172   0.572     0.982    0.982            0.862
(0.5, 1.0]     215.0  14.241  0.307   0.863     1.034    0.994            0.981
(1.0, 1.5]     269.0   7.608  0.883   0.950     1.042    0.960            0.996
(1.5, 2.5]     385.0   5.522  1.016   0.877     1.113    0.882            0.997
(2.5, 6.0]     721.0   2.131  1.112   0.890     1.235    0.890            0.994

[exited with code 0]
